C:\Users\Craig\Corvus\CorvusStar\src\core\__init__.py:17: UserWarning: Core Pydantic V1 functionality isn't compatible with Python 3.14 or greater.
  import pydantic.v1.fields as fields
Traceback (most recent call last):
  File "C:\Users\Craig\Corvus\CorvusStar\tests\unit\test_muninn.py", line 15, in <module>
    from src.core.engine.ravens.muninn import Muninn
  File "C:\Users\Craig\Corvus\CorvusStar\src\sentinel\muninn.py", line 33, in <module>
    from src.core.engine.atomic_gpt import AtomicCortex
ImportError: cannot import name 'AtomicCortex' from 'src.core.engine.atomic_gpt' (C:\Users\Craig\Corvus\CorvusStar\src\core\engine\atomic_gpt.py)
